
=== PHASE 1/5  HomeRun (~610 products, 1 req/s) — 00:43:55 ===
00:43:55 INFO    catalog.pipeline: resuming: 27 products already in homerun.jsonl
00:43:55 INFO    catalog.pipeline: 
crawl plan: 575 of 575 discovered URLs
  category           weight  planned  available
  beds                    5        2          2
  wardrobes               5        6          6
  ceiling_lighting        4        6          6
  curtains                4        2          2
  tables                  4        1          1
  bedding                 3        5          5
  shelving                3        1          1
  storage                 3       17         17
  bathroom                2       29         29
  decor                   2        4          4
  mirrors                 2        3          3
  paint                   2       21         21
00:43:55 INFO    catalog.pipeline: homerun: 575 product URLs to fetch
00:44:46 INFO    catalog.pipeline: homerun 50/575 (1.0/s) ok=50 failed=0
00:45:41 INFO    catalog.pipeline: homerun 100/575 (0.9/s) ok=100 failed=0
00:46:37 INFO    catalog.pipeline: homerun 150/575 (0.9/s) ok=150 failed=0
00:47:30 INFO    catalog.pipeline: homerun 200/575 (0.9/s) ok=200 failed=0
00:48:24 INFO    catalog.pipeline: homerun 250/575 (0.9/s) ok=250 failed=0
00:49:18 INFO    catalog.pipeline: homerun 300/575 (0.9/s) ok=300 failed=0
00:50:12 INFO    catalog.pipeline: homerun 350/575 (0.9/s) ok=350 failed=0
00:51:06 INFO    catalog.pipeline: homerun 400/575 (0.9/s) ok=400 failed=0
00:51:59 INFO    catalog.pipeline: homerun 450/575 (0.9/s) ok=450 failed=0
00:52:53 INFO    catalog.pipeline: homerun 500/575 (0.9/s) ok=500 failed=0
00:53:46 INFO    catalog.pipeline: homerun 550/575 (0.9/s) ok=550 failed=0
00:54:13 INFO    catalog.pipeline: homerun 575/575 (0.9/s) ok=575 failed=0
homerun: {'ok': 575, 'failed': 0, 'skipped': 27, 'stopped': False} -> /Users/mukeshkumarmudradi/Documents/projects/interior_catalog/data/homerun.jsonl

=== PHASE 2/5  IKEA India (~12,575 products, 2 req/s) — 00:54:13 ===
00:54:14 INFO    catalog.pipeline: resuming: 150 products already in ikea_in.jsonl
00:54:14 INFO    catalog.sources.ikea_in: IKEA India sitemaps: 3
00:54:14 INFO    catalog.pipeline: 
crawl plan: 12,425 of 12,425 discovered URLs
  category           weight  planned  available
  beds                    5      710        710
  sofas                   5      547        547
  wardrobes               5      424        424
  ceiling_lighting        4      139        139
  curtains                4      177        177
  lamps                   4      107        107
  nightstands             4       21         21
  rugs                    4      143        143
  tables                  4      431        431
  bedding                 3      670        670
  chairs                  3      472        472
  desks                   3      229        229
00:54:15 INFO    catalog.pipeline: ikea_in: 12425 product URLs to fetch
00:54:42 INFO    catalog.pipeline: ikea_in 50/12425 (1.8/s) ok=50 failed=0
00:55:08 INFO    catalog.pipeline: ikea_in 100/12425 (1.9/s) ok=100 failed=0
00:55:36 INFO    catalog.pipeline: ikea_in 150/12425 (1.8/s) ok=150 failed=0
00:56:03 INFO    catalog.pipeline: ikea_in 200/12425 (1.9/s) ok=200 failed=0
00:56:30 INFO    catalog.pipeline: ikea_in 250/12425 (1.8/s) ok=250 failed=0
00:56:56 INFO    catalog.pipeline: ikea_in 300/12425 (1.9/s) ok=300 failed=0
00:57:24 INFO    catalog.pipeline: ikea_in 350/12425 (1.9/s) ok=350 failed=0
00:57:49 INFO    catalog.pipeline: ikea_in 400/12425 (1.9/s) ok=400 failed=0
00:58:16 INFO    catalog.pipeline: ikea_in 450/12425 (1.9/s) ok=450 failed=0
00:58:43 INFO    catalog.pipeline: ikea_in 500/12425 (1.9/s) ok=500 failed=0
00:59:10 INFO    catalog.pipeline: ikea_in 550/12425 (1.9/s) ok=550 failed=0
00:59:21 WARNING catalog.sources.ikea_in: no product data on https://www.ikea.com/in/en/p/kryssmast-floor-lamp-nickel-plated-40496334/
00:59:37 INFO    catalog.pipeline: ikea_in 600/12425 (1.9/s) ok=599 failed=1
01:00:05 INFO    catalog.pipeline: ikea_in 650/12425 (1.9/s) ok=649 failed=1
01:00:32 INFO    catalog.pipeline: ikea_in 700/12425 (1.9/s) ok=699 failed=1
01:01:00 INFO    catalog.pipeline: ikea_in 750/12425 (1.9/s) ok=749 failed=1
01:01:26 INFO    catalog.pipeline: ikea_in 800/12425 (1.9/s) ok=799 failed=1
01:01:53 INFO    catalog.pipeline: ikea_in 850/12425 (1.9/s) ok=849 failed=1
01:02:20 INFO    catalog.pipeline: ikea_in 900/12425 (1.9/s) ok=899 failed=1
01:02:49 INFO    catalog.pipeline: ikea_in 950/12425 (1.8/s) ok=949 failed=1
01:03:00 WARNING catalog.sources.ikea_in: no product data on https://www.ikea.com/in/en/p/rocksjoen-footstool-klovsta-grey-white-s39514701/
01:03:16 INFO    catalog.pipeline: ikea_in 1000/12425 (1.8/s) ok=998 failed=2
01:03:43 INFO    catalog.pipeline: ikea_in 1050/12425 (1.8/s) ok=1048 failed=2
01:04:10 INFO    catalog.pipeline: ikea_in 1100/12425 (1.8/s) ok=1098 failed=2
01:04:38 INFO    catalog.pipeline: ikea_in 1150/12425 (1.8/s) ok=1148 failed=2
01:05:06 INFO    catalog.pipeline: ikea_in 1200/12425 (1.8/s) ok=1198 failed=2
01:05:33 INFO    catalog.pipeline: ikea_in 1250/12425 (1.8/s) ok=1248 failed=2
01:05:59 INFO    catalog.pipeline: ikea_in 1300/12425 (1.8/s) ok=1298 failed=2
01:06:27 INFO    catalog.pipeline: ikea_in 1350/12425 (1.8/s) ok=1348 failed=2
01:06:55 INFO    catalog.pipeline: ikea_in 1400/12425 (1.8/s) ok=1398 failed=2
01:07:21 INFO    catalog.pipeline: ikea_in 1450/12425 (1.8/s) ok=1448 failed=2
01:07:48 INFO    catalog.pipeline: ikea_in 1500/12425 (1.8/s) ok=1498 failed=2
01:08:16 INFO    catalog.pipeline: ikea_in 1550/12425 (1.8/s) ok=1548 failed=2
01:08:44 INFO    catalog.pipeline: ikea_in 1600/12425 (1.8/s) ok=1598 failed=2
01:09:11 INFO    catalog.pipeline: ikea_in 1650/12425 (1.8/s) ok=1648 failed=2
01:09:38 INFO    catalog.pipeline: ikea_in 1700/12425 (1.8/s) ok=1698 failed=2
01:10:05 INFO    catalog.pipeline: ikea_in 1750/12425 (1.8/s) ok=1748 failed=2
01:10:32 INFO    catalog.pipeline: ikea_in 1800/12425 (1.8/s) ok=1798 failed=2
01:10:59 INFO    catalog.pipeline: ikea_in 1850/12425 (1.8/s) ok=1848 failed=2
01:11:27 INFO    catalog.pipeline: ikea_in 1900/12425 (1.8/s) ok=1898 failed=2
01:11:54 INFO    catalog.pipeline: ikea_in 1950/12425 (1.8/s) ok=1948 failed=2
01:12:20 INFO    catalog.pipeline: ikea_in 2000/12425 (1.8/s) ok=1998 failed=2
01:12:49 INFO    catalog.pipeline: ikea_in 2050/12425 (1.8/s) ok=2048 failed=2
01:13:15 INFO    catalog.pipeline: ikea_in 2100/12425 (1.8/s) ok=2098 failed=2
01:13:42 INFO    catalog.pipeline: ikea_in 2150/12425 (1.8/s) ok=2148 failed=2
01:14:10 INFO    catalog.pipeline: ikea_in 2200/12425 (1.8/s) ok=2198 failed=2
01:14:36 INFO    catalog.pipeline: ikea_in 2250/12425 (1.8/s) ok=2248 failed=2
01:15:04 INFO    catalog.pipeline: ikea_in 2300/12425 (1.8/s) ok=2298 failed=2
01:15:30 INFO    catalog.pipeline: ikea_in 2350/12425 (1.8/s) ok=2348 failed=2
01:15:58 INFO    catalog.pipeline: ikea_in 2400/12425 (1.8/s) ok=2398 failed=2
01:16:25 INFO    catalog.pipeline: ikea_in 2450/12425 (1.8/s) ok=2448 failed=2
01:16:52 INFO    catalog.pipeline: ikea_in 2500/12425 (1.8/s) ok=2498 failed=2
01:17:20 INFO    catalog.pipeline: ikea_in 2550/12425 (1.8/s) ok=2548 failed=2
01:17:48 INFO    catalog.pipeline: ikea_in 2600/12425 (1.8/s) ok=2598 failed=2
01:18:15 INFO    catalog.pipeline: ikea_in 2650/12425 (1.8/s) ok=2648 failed=2
01:18:42 INFO    catalog.pipeline: ikea_in 2700/12425 (1.8/s) ok=2698 failed=2
01:19:09 INFO    catalog.pipeline: ikea_in 2750/12425 (1.8/s) ok=2748 failed=2
01:19:36 INFO    catalog.pipeline: ikea_in 2800/12425 (1.8/s) ok=2798 failed=2
01:20:03 INFO    catalog.pipeline: ikea_in 2850/12425 (1.8/s) ok=2848 failed=2
01:20:30 INFO    catalog.pipeline: ikea_in 2900/12425 (1.8/s) ok=2898 failed=2
01:20:57 INFO    catalog.pipeline: ikea_in 2950/12425 (1.8/s) ok=2948 failed=2
01:21:24 INFO    catalog.pipeline: ikea_in 3000/12425 (1.8/s) ok=2998 failed=2
01:21:51 INFO    catalog.pipeline: ikea_in 3050/12425 (1.8/s) ok=3048 failed=2
01:21:51 WARNING catalog.sources.ikea_in: no product data on https://www.ikea.com/in/en/p/rocksjoen-footstool-kilanda-light-beige-s69508874/
01:22:17 INFO    catalog.pipeline: ikea_in 3100/12425 (1.8/s) ok=3097 failed=3
01:22:45 INFO    catalog.pipeline: ikea_in 3150/12425 (1.8/s) ok=3147 failed=3
01:23:11 INFO    catalog.pipeline: ikea_in 3200/12425 (1.8/s) ok=3197 failed=3
01:23:39 INFO    catalog.pipeline: ikea_in 3250/12425 (1.8/s) ok=3247 failed=3
01:24:06 INFO    catalog.pipeline: ikea_in 3300/12425 (1.8/s) ok=3297 failed=3
01:24:33 INFO    catalog.pipeline: ikea_in 3350/12425 (1.8/s) ok=3347 failed=3
01:25:00 INFO    catalog.pipeline: ikea_in 3400/12425 (1.8/s) ok=3397 failed=3
01:25:27 INFO    catalog.pipeline: ikea_in 3450/12425 (1.8/s) ok=3447 failed=3
01:25:54 INFO    catalog.pipeline: ikea_in 3500/12425 (1.8/s) ok=3497 failed=3
01:26:21 INFO    catalog.pipeline: ikea_in 3550/12425 (1.8/s) ok=3547 failed=3
01:26:48 INFO    catalog.pipeline: ikea_in 3600/12425 (1.8/s) ok=3597 failed=3
01:27:15 INFO    catalog.pipeline: ikea_in 3650/12425 (1.8/s) ok=3647 failed=3
01:27:42 INFO    catalog.pipeline: ikea_in 3700/12425 (1.8/s) ok=3697 failed=3
01:28:09 INFO    catalog.pipeline: ikea_in 3750/12425 (1.8/s) ok=3747 failed=3
01:28:37 INFO    catalog.pipeline: ikea_in 3800/12425 (1.8/s) ok=3797 failed=3
01:29:03 INFO    catalog.pipeline: ikea_in 3850/12425 (1.8/s) ok=3847 failed=3
01:29:31 INFO    catalog.pipeline: ikea_in 3900/12425 (1.8/s) ok=3897 failed=3
01:29:59 INFO    catalog.pipeline: ikea_in 3950/12425 (1.8/s) ok=3947 failed=3
01:30:25 INFO    catalog.pipeline: ikea_in 4000/12425 (1.8/s) ok=3997 failed=3
01:30:52 INFO    catalog.pipeline: ikea_in 4050/12425 (1.8/s) ok=4047 failed=3
01:31:20 INFO    catalog.pipeline: ikea_in 4100/12425 (1.8/s) ok=4097 failed=3
01:31:48 INFO    catalog.pipeline: ikea_in 4150/12425 (1.8/s) ok=4147 failed=3
01:32:15 INFO    catalog.pipeline: ikea_in 4200/12425 (1.8/s) ok=4197 failed=3
01:32:41 INFO    catalog.pipeline: ikea_in 4250/12425 (1.8/s) ok=4247 failed=3
01:33:07 INFO    catalog.pipeline: ikea_in 4300/12425 (1.8/s) ok=4297 failed=3
01:33:35 INFO    catalog.pipeline: ikea_in 4350/12425 (1.8/s) ok=4347 failed=3
01:34:02 INFO    catalog.pipeline: ikea_in 4400/12425 (1.8/s) ok=4397 failed=3
01:34:29 INFO    catalog.pipeline: ikea_in 4450/12425 (1.8/s) ok=4447 failed=3
01:34:57 INFO    catalog.pipeline: ikea_in 4500/12425 (1.8/s) ok=4497 failed=3
01:35:24 INFO    catalog.pipeline: ikea_in 4550/12425 (1.8/s) ok=4547 failed=3
01:35:52 INFO    catalog.pipeline: ikea_in 4600/12425 (1.8/s) ok=4597 failed=3
01:36:18 INFO    catalog.pipeline: ikea_in 4650/12425 (1.8/s) ok=4647 failed=3
01:36:45 INFO    catalog.pipeline: ikea_in 4700/12425 (1.8/s) ok=4697 failed=3
01:37:11 INFO    catalog.pipeline: ikea_in 4750/12425 (1.8/s) ok=4747 failed=3
01:37:38 INFO    catalog.pipeline: ikea_in 4800/12425 (1.8/s) ok=4797 failed=3
01:38:06 INFO    catalog.pipeline: ikea_in 4850/12425 (1.8/s) ok=4847 failed=3
01:38:32 INFO    catalog.pipeline: ikea_in 4900/12425 (1.8/s) ok=4897 failed=3
01:39:00 INFO    catalog.pipeline: ikea_in 4950/12425 (1.8/s) ok=4947 failed=3
01:39:27 INFO    catalog.pipeline: ikea_in 5000/12425 (1.8/s) ok=4997 failed=3
01:39:54 INFO    catalog.pipeline: ikea_in 5050/12425 (1.8/s) ok=5047 failed=3
01:40:21 INFO    catalog.pipeline: ikea_in 5100/12425 (1.8/s) ok=5097 failed=3
01:40:47 INFO    catalog.pipeline: ikea_in 5150/12425 (1.8/s) ok=5147 failed=3
01:41:16 INFO    catalog.pipeline: ikea_in 5200/12425 (1.8/s) ok=5197 failed=3
01:41:41 INFO    catalog.pipeline: ikea_in 5250/12425 (1.8/s) ok=5247 failed=3
01:42:09 INFO    catalog.pipeline: ikea_in 5300/12425 (1.8/s) ok=5297 failed=3
01:42:36 INFO    catalog.pipeline: ikea_in 5350/12425 (1.8/s) ok=5347 failed=3
01:43:04 INFO    catalog.pipeline: ikea_in 5400/12425 (1.8/s) ok=5397 failed=3
01:43:31 INFO    catalog.pipeline: ikea_in 5450/12425 (1.8/s) ok=5447 failed=3
01:43:58 INFO    catalog.pipeline: ikea_in 5500/12425 (1.8/s) ok=5497 failed=3
01:44:25 INFO    catalog.pipeline: ikea_in 5550/12425 (1.8/s) ok=5547 failed=3
01:44:51 INFO    catalog.pipeline: ikea_in 5600/12425 (1.8/s) ok=5597 failed=3
01:45:18 INFO    catalog.pipeline: ikea_in 5650/12425 (1.8/s) ok=5647 failed=3
01:45:46 INFO    catalog.pipeline: ikea_in 5700/12425 (1.8/s) ok=5697 failed=3
01:46:13 INFO    catalog.pipeline: ikea_in 5750/12425 (1.8/s) ok=5747 failed=3
01:46:40 INFO    catalog.pipeline: ikea_in 5800/12425 (1.8/s) ok=5797 failed=3
01:47:07 INFO    catalog.pipeline: ikea_in 5850/12425 (1.8/s) ok=5847 failed=3
01:47:18 WARNING catalog.sources.ikea_in: no product data on https://www.ikea.com/in/en/p/rockan-bath-robe-grey-30392030/
01:47:34 INFO    catalog.pipeline: ikea_in 5900/12425 (1.8/s) ok=5896 failed=4
01:48:00 INFO    catalog.pipeline: ikea_in 5950/12425 (1.8/s) ok=5946 failed=4
